// Jest Snapshot v1, https://goo.gl/fbAQLP

exports[`Cardio tests matches snapshot 1`] = `
[
  <View
    style={
      {
        "alignItems": "center",
        "backgroundColor": "#003844",
        "display": "flex",
        "flexDirection": "row",
        "justifyContent": "space-between",
        "padding": 8,
        "width": "100%",
      }
    }
    testID="title-container"
  >
    <Text
      style={
        {
          "color": "#FFFFFF",
          "fontSize": 20,
        }
      }
    >
      Add Cardio
    </Text>
    <Text
      allowFontScaling={false}
      onPress={
        [MockFunction] {
          "calls": [
            [],
          ],
          "results": [
            {
              "type": "return",
              "value": undefined,
            },
          ],
        }
      }
      selectable={false}
      style={
        [
          {
            "color": "white",
            "fontSize": 20,
          },
          undefined,
          {
            "fontFamily": "anticon",
            "fontStyle": "normal",
            "fontWeight": "normal",
          },
          {},
        ]
      }
      testID="back-button"
    >
      î˜’
    </Text>
  </View>,
  <View
    style={
      {
        "backgroundColor": "#dbdbdb",
        "padding": 8,
        "width": "100%",
      }
    }
    testID="cardio-container"
  >
    <TextInput
      onChangeText={[Function]}
      placeholder="please enter name here"
      style={
        {
          "backgroundColor": "#F3F7F0",
          "color": "#003844",
          "fontSize": 16,
          "marginBottom": 4,
        }
      }
      testID="name-input"
      value=""
    />
    <TextInput
      onChangeText={[Function]}
      placeholder="please enter muscles used"
      style={
        {
          "backgroundColor": "#F3F7F0",
          "color": "#003844",
          "fontSize": 16,
          "marginBottom": 4,
        }
      }
      testID="muscles-used-input"
      value=""
    />
    <TextInput
      keyboardType="numeric"
      onChangeText={[Function]}
      placeholder="please enter workout effort"
      style={
        {
          "backgroundColor": "#F3F7F0",
          "color": "#003844",
          "fontSize": 16,
          "marginBottom": 4,
        }
      }
      testID="workout-effort-input"
      value=""
    />
    <TextInput
      keyboardType="numeric"
      onChangeText={[Function]}
      placeholder="please enter duration"
      style={
        {
          "backgroundColor": "#F3F7F0",
          "color": "#003844",
          "fontSize": 16,
          "marginBottom": 4,
        }
      }
      testID="duration-input"
      value=""
    />
    <View
      accessibilityRole="button"
      accessibilityState={
        {
          "busy": undefined,
          "checked": undefined,
          "disabled": undefined,
          "expanded": undefined,
          "selected": undefined,
        }
      }
      accessibilityValue={
        {
          "max": undefined,
          "min": undefined,
          "now": undefined,
          "text": undefined,
        }
      }
      accessible={true}
      collapsable={false}
      focusable={true}
      onClick={[Function]}
      onResponderGrant={[Function]}
      onResponderMove={[Function]}
      onResponderRelease={[Function]}
      onResponderTerminate={[Function]}
      onResponderTerminationRequest={[Function]}
      onStartShouldSetResponder={[Function]}
      style={
        {
          "opacity": 1,
        }
      }
      testID="add-button"
    >
      <View
        style={
          [
            {},
          ]
        }
      >
        <Text
          style={
            [
              {
                "color": "#007AFF",
                "fontSize": 18,
                "margin": 8,
                "textAlign": "center",
              },
              {
                "color": "#003844",
              },
            ]
          }
        >
          add
        </Text>
      </View>
    </View>
  </View>,
]
`;
