// Jest Snapshot v1, https://goo.gl/fbAQLP

exports[`add tests matches snapshot 1`] = `
<View
  style={
    {
      "backgroundColor": "#dbdbdb",
      "width": "100%",
    }
  }
  testID="weight-container"
>
  <Text
    style={
      {
        "fontSize": 24,
        "paddingBottom": 18,
      }
    }
  >
    Add exercise
  </Text>
  <View
    accessibilityRole="button"
    accessibilityState={
      {
        "busy": undefined,
        "checked": undefined,
        "disabled": undefined,
        "expanded": undefined,
        "selected": undefined,
      }
    }
    accessibilityValue={
      {
        "max": undefined,
        "min": undefined,
        "now": undefined,
        "text": undefined,
      }
    }
    accessible={true}
    collapsable={false}
    focusable={true}
    onClick={[Function]}
    onResponderGrant={[Function]}
    onResponderMove={[Function]}
    onResponderRelease={[Function]}
    onResponderTerminate={[Function]}
    onResponderTerminationRequest={[Function]}
    onStartShouldSetResponder={[Function]}
    style={
      {
        "opacity": 1,
      }
    }
    testID="back-button"
  >
    <View
      style={
        [
          {},
        ]
      }
    >
      <Text
        style={
          [
            {
              "color": "#007AFF",
              "fontSize": 18,
              "margin": 8,
              "textAlign": "center",
            },
          ]
        }
      >
        back
      </Text>
    </View>
  </View>
  <TextInput
    onChangeText={[Function]}
    placeholder="please enter name here"
    style={
      {
        "paddingBottom": 12,
      }
    }
    testID="name-input"
    value=""
  />
  <TextInput
    onChangeText={[Function]}
    placeholder="please enter muscles used"
    style={
      {
        "paddingBottom": 12,
      }
    }
    testID="muscles-used-input"
    value=""
  />
  <TextInput
    keyboardType="numeric"
    onChangeText={[Function]}
    placeholder="please enter workout effort"
    style={
      {
        "paddingBottom": 12,
      }
    }
    testID="workout-effort-input"
    value=""
  />
  <View
    style={
      {
        "backgroundColor": "#F3F7F0",
      }
    }
    testID="set-container"
  >
    <TextInput
      keyboardType="numeric"
      onChangeText={[Function]}
      placeholder="please enter number off reps"
      style={
        {
          "paddingBottom": 12,
        }
      }
      testID="reps-input"
      value=""
    />
    <TextInput
      keyboardType="numeric"
      onChangeText={[Function]}
      placeholder="please enter weight"
      style={
        {
          "paddingBottom": 12,
        }
      }
      testID="weight-input"
      value=""
    />
    <TextInput
      keyboardType="numeric"
      onChangeText={[Function]}
      placeholder="please enter rest time"
      style={
        {
          "paddingBottom": 12,
        }
      }
      testID="rest-input"
      value=""
    />
    <View
      accessibilityRole="button"
      accessibilityState={
        {
          "busy": undefined,
          "checked": undefined,
          "disabled": undefined,
          "expanded": undefined,
          "selected": undefined,
        }
      }
      accessibilityValue={
        {
          "max": undefined,
          "min": undefined,
          "now": undefined,
          "text": undefined,
        }
      }
      accessible={true}
      collapsable={false}
      focusable={true}
      onClick={[Function]}
      onResponderGrant={[Function]}
      onResponderMove={[Function]}
      onResponderRelease={[Function]}
      onResponderTerminate={[Function]}
      onResponderTerminationRequest={[Function]}
      onStartShouldSetResponder={[Function]}
      style={
        {
          "opacity": 1,
        }
      }
      testID="save-button"
    >
      <View
        style={
          [
            {},
          ]
        }
      >
        <Text
          style={
            [
              {
                "color": "#007AFF",
                "fontSize": 18,
                "margin": 8,
                "textAlign": "center",
              },
            ]
          }
        >
          save
        </Text>
      </View>
    </View>
  </View>
  <View
    accessibilityRole="button"
    accessibilityState={
      {
        "busy": undefined,
        "checked": undefined,
        "disabled": undefined,
        "expanded": undefined,
        "selected": undefined,
      }
    }
    accessibilityValue={
      {
        "max": undefined,
        "min": undefined,
        "now": undefined,
        "text": undefined,
      }
    }
    accessible={true}
    collapsable={false}
    focusable={true}
    onClick={[Function]}
    onResponderGrant={[Function]}
    onResponderMove={[Function]}
    onResponderRelease={[Function]}
    onResponderTerminate={[Function]}
    onResponderTerminationRequest={[Function]}
    onStartShouldSetResponder={[Function]}
    style={
      {
        "opacity": 1,
      }
    }
    testID="add-button"
  >
    <View
      style={
        [
          {},
        ]
      }
    >
      <Text
        style={
          [
            {
              "color": "#007AFF",
              "fontSize": 18,
              "margin": 8,
              "textAlign": "center",
            },
          ]
        }
      >
        add
      </Text>
    </View>
  </View>
</View>
`;
